# Migration info
Command for local testing:
```
bazel build --enable_bzlmod --noenable_workspace //...
```
## Direct dependencies:
* my_deps_2
* my_deps_1
* rules_python
## Migration of `rules_python`:

<details>
<summary>Click here to see where and how the repo was declared in the WORKSPACE file</summary>

#### Location
```python
Repository rules_python instantiated at:
  /usr/local/google/home/kotlaja/github/bazel-central-registry/tools/bzlmod_migration_test_examples/py_extension/WORKSPACE:9:13: in <toplevel>
Repository rule http_archive defined at:
  /usr/local/google/home/kotlaja/.cache/bazel/_bazel_kotlaja/5f3795b531c0dd1f2cc34c69d9c35fed/external/bazel_tools/tools/build_defs/repo/http.bzl:387:31: in <toplevel>

```

#### Definition
```python
load("@@bazel_tools//tools/build_defs/repo:http.bzl", "http_archive")
http_archive(
  name = "rules_python",
  url = "https://github.com/bazelbuild/rules_python/releases/download/1.4.0/rules_python-1.4.0.tar.gz",
  integrity = "sha256-qDdnnxOC8mlowe5vg5x9r5B5qlMSgGmh8oFd7KpjcwQ=",
  strip_prefix = "rules_python-1.4.0",
)
```
**Tip**: URLs usually show which version was used.
</details>

___
Found perfect name match in BCR: `rules_python`

Found partially name matches in BCR: `rules_python_gazelle_plugin`

It has been introduced as a Bazel module:

	bazel_dep(name = "rules_python", version = "1.6.3")
## Migration of `my_deps_2`
It has been introduced as a python extension, with python_version=3.11:

```
pip.parse(
    hub_name = "my_deps_2",
    requirements_lock = "//:requirements_lock_2.txt",
    python_version = "3.11",
)
use_repo(pip, "my_deps_2")

python = use_extension("@rules_python//python/extensions:python.bzl", "python")
python.defaults(python_version = "3.11")
python.toolchain(python_version = "3.11")
```
## Migration of `my_deps_1`
It has been introduced as a python extension, with python_version=3.11:

```
pip.parse(
    hub_name = "my_deps_1",
    requirements_lock = "//:requirements_lock_1.txt",
    python_version = "3.11",
)
use_repo(pip, "my_deps_1")


```
## Migration of `rules_python`:

<details>
<summary>Click here to see where and how the repo was declared in the WORKSPACE file</summary>

#### Location
```python
Repository rules_python instantiated at:
  /usr/local/google/home/kotlaja/github/bazel-central-registry/tools/bzlmod_migration_test_examples/py_extension/WORKSPACE:9:13: in <toplevel>
Repository rule http_archive defined at:
  /usr/local/google/home/kotlaja/.cache/bazel/_bazel_kotlaja/5f3795b531c0dd1f2cc34c69d9c35fed/external/bazel_tools/tools/build_defs/repo/http.bzl:387:31: in <toplevel>

```

#### Definition
```python
load("@@bazel_tools//tools/build_defs/repo:http.bzl", "http_archive")
http_archive(
  name = "rules_python",
  url = "https://github.com/bazelbuild/rules_python/releases/download/1.4.0/rules_python-1.4.0.tar.gz",
  integrity = "sha256-qDdnnxOC8mlowe5vg5x9r5B5qlMSgGmh8oFd7KpjcwQ=",
  strip_prefix = "rules_python-1.4.0",
)
```
**Tip**: URLs usually show which version was used.
</details>

___
Found perfect name match in BCR: `rules_python`

Found partially name matches in BCR: `rules_python_gazelle_plugin`

This module has already been added inside the MODULE.bazel file
