module(name = "py_extension", version="")

bazel_dep(name = "rules_python", version = "1.6.3")
# -- bazel_dep definitions -- #

# -- use_repo_rule statements -- #


pip = use_extension("@rules_python//python/extensions:pip.bzl", "pip")

pip.parse(
    hub_name = "my_deps_2",
    requirements_lock = "//:requirements_lock_2.txt",
    python_version = "3.11",
)
use_repo(pip, "my_deps_2")

python = use_extension("@rules_python//python/extensions:python.bzl", "python")
python.defaults(python_version = "3.11")
python.toolchain(python_version = "3.11")

pip.parse(
    hub_name = "my_deps_1",
    requirements_lock = "//:requirements_lock_1.txt",
    python_version = "3.11",
)
use_repo(pip, "my_deps_1")


# -- End of pip extensions -- #

# -- repo definitions -- #
