module(
    name = "main",
    version = "",
)

bazel_dep(name = "gazelle", version = "0.45.0", repo_name = "bazel_gazelle")
bazel_dep(name = "rules_go", version = "0.57.0", repo_name = "io_bazel_rules_go")
# -- bazel_dep definitions -- #

# -- use_repo_rule statements -- #

go_deps = use_extension("@bazel_gazelle//:extensions.bzl", "go_deps")

go_sdk = use_extension("@io_bazel_rules_go//go:extensions.bzl", "go_sdk")

go_deps.from_file(go_mod = "//:go.mod")
use_repo(go_deps, "org_golang_google_grpc", "org_golang_x_net", "org_golang_x_text")

go_sdk.from_file(go_mod = "//:go.mod")

go_deps.gazelle_override(
    path = "golang.org/x/net",
    directives = [
        "gazelle:proto disable",
         "gazelle:go_naming_convention import",
    ],
)

go_deps.gazelle_override(
    path = "google.golang.org/grpc",
    directives = [
        "gazelle:proto disable_global",
    ],
)

# -- End of go extension -- #

# -- repo definitions -- #
